// Vitest Snapshot v1

exports[`render Register component > should render Register page component 1`] = `
<Row
  justify="center"
>
  <Col>
    <Connect(RegisterForm) />
  </Col>
</Row>
`;

exports[`render Register component should render Register page component 1`] = `
<div>
  <h3>
    Register Page
  </h3>
  <Connect(Component) />
</div>
`;
