// Vitest Snapshot v1

exports[`render login form component > should render LoginForm component 1`] = `
<Card
  className="login-form__card"
  size="small"
  title="Login"
>
  <ForwardRef(InternalForm)
    onFinish={[Function]}
  >
    <FormItem
      label="Username"
      name="username"
      rules={
        [
          {
            "message": "Please input your username!",
            "required": true,
          },
        ]
      }
    >
      <Input
        type="text"
      />
    </FormItem>
    <FormItem
      label="Password"
      name="password"
      rules={
        [
          {
            "message": "Please input your password!",
            "required": true,
          },
        ]
      }
    >
      <Password
        action="click"
        iconRender={[Function]}
        visibilityToggle={true}
      />
    </FormItem>
    <FormItem>
      <Button
        block={false}
        ghost={false}
        htmlType="submit"
        loading={false}
        type="primary"
      >
        Login
      </Button>
      <Button
        block={false}
        ghost={false}
        htmlType="button"
        loading={false}
        onClick={[Function]}
        type="link"
      >
        Not registered? Click here
      </Button>
    </FormItem>
  </ForwardRef(InternalForm)>
</Card>
`;

exports[`render login form component should call startLogin on submit 1`] = `
<Card
  centered={true}
  title="Login"
>
  <Loader
    isLoading={false}
    loadingText="Logging in"
  >
    <form
      className="ui form"
    >
      <div
        className="field"
      >
        <label>
          Username
        </label>
        <input
          name="username"
          onChange={[Function]}
          placeholder="Username"
          type="text"
        />
      </div>
      <div
        className="field"
      >
        <label>
          Password
        </label>
        <input
          name="password"
          onChange={[Function]}
          placeholder="Password"
          type="password"
        />
      </div>
      <button
        className="ui button"
        onClick={[Function]}
        type="submit"
      >
        Login
      </button>
      Not registered? 
      <Link
        to="/register"
      >
        Register
      </Link>
    </form>
  </Loader>
</Card>
`;

exports[`render login form component should render LoginForm component 1`] = `
<Card
  centered={true}
  title="Login"
>
  <Loader
    isLoading={false}
    loadingText="Logging in"
  >
    <form
      className="ui form"
    >
      <div
        className="field"
      >
        <label>
          Username
        </label>
        <input
          name="username"
          onChange={[Function]}
          placeholder="Username"
          type="text"
        />
      </div>
      <div
        className="field"
      >
        <label>
          Password
        </label>
        <input
          name="password"
          onChange={[Function]}
          placeholder="Password"
          type="password"
        />
      </div>
      <button
        className="ui button"
        onClick={[Function]}
        type="submit"
      >
        Login
      </button>
      Not registered? 
      <Link
        to="/register"
      >
        Register
      </Link>
    </form>
  </Loader>
</Card>
`;
