// Jest Snapshot v1, https://goo.gl/fbAQLP

exports[`render AppRouter component should render AppRouter component 1`] = `
<BrowserRouter>
  <Component>
    <Switch>
      <Route
        exact={true}
        path="/"
      >
        <Home />
      </Route>
      <Connect(Component)
        path="/register"
      >
        <Register />
      </Connect(Component)>
      <Connect(Component)
        path="/login"
      >
        <Login />
      </Connect(Component)>
      <Connect(Component)
        path="/me"
      >
        <MyProfile />
      </Connect(Component)>
      <Connect(Component)
        path="/projects"
      >
        <MyProjects />
      </Connect(Component)>
      <Connect(Component)
        path="/settings"
      >
        <AccountSettings />
      </Connect(Component)>
      <Connect(Component)
        exact={true}
        path="/team"
      >
        <TeamProfile />
      </Connect(Component)>
      <Connect(Component)
        path="/team/projects"
      >
        <TeamProjects />
      </Connect(Component)>
      <Connect(Component)
        path="/team/settings"
      >
        <TeamSettings />
      </Connect(Component)>
    </Switch>
  </Component>
</BrowserRouter>
`;
