// Vitest Snapshot v1

exports[`render PrivateRoute component > should handle PrivateRouteRender when logged in 1`] = `ShallowWrapper {}`;

exports[`render PrivateRoute component > should handle PrivateRouteRender when not logged in 1`] = `ShallowWrapper {}`;

exports[`render PrivateRoute component > should render PrivateRoute component 1`] = `
<Component
  render={[Function]}
/>
`;

exports[`render PrivateRoute component should handle PrivateRouteRender when logged in 1`] = `
<div>
  <p>
    JSX Child
  </p>
</div>
`;

exports[`render PrivateRoute component should handle PrivateRouteRender when not logged in 1`] = `
<div>
  <Component
    to={
      Object {
        "pathname": "/login",
        "state": Object {
          "from": Object {
            "hash": "",
            "key": "",
            "pathname": "",
            "search": "",
            "state": "",
          },
        },
      }
    }
  />
</div>
`;

exports[`render PrivateRoute component should render PrivateRoute component 1`] = `
<Component
  render={[Function]}
/>
`;
